$ cat test
moger@Moise MINGW64 ~/Documents
$ mkdir TestDevops

moger@Moise MINGW64 ~/Documents
$ cd TestDevops

moger@Moise MINGW64 ~/Documents/TestDevops
$ vi testdevops

moger@Moise MINGW64 ~/Documents/TestDevops
$ ls
testdevops

moger@Moise MINGW64 ~/Documents/TestDevops
$ git init
Initialized empty Git repository in C:/Users/moger/Documents/TestDevops/.git/

moger@Moise MINGW64 ~/Documents/TestDevops (master)
$ git add .
warning: in the working copy of 'testdevops', LF will be replaced by CRLF the next time Git touches it

moger@Moise MINGW64 ~/Documents/TestDevops (master)
$ git commit -m "This is an example of a git push"
[master (root-commit) 0ce51d7] This is an example of a git push
 1 file changed, 1 insertion(+)
 create mode 100644 testdevops

moger@Moise MINGW64 ~/Documents/TestDevops (master)
$ git branch -M main

moger@Moise MINGW64 ~/Documents/TestDevops (main)
$ git remote add origin https://github.com/TDBankCanada/DevOps-.git

moger@Moise MINGW64 ~/Documents/TestDevops (main)
$ git push -u origin main
To https://github.com/TDBankCanada/DevOps-.git
 ! [rejected]        main -> main (fetch first)
error: failed to push some refs to 'https://github.com/TDBankCanada/DevOps-.git'
hint: Updates were rejected because the remote contains work that you do
hint: not have locally. This is usually caused by another repository pushing
hint: to the same ref. You may want to first integrate the remote changes
hint: (e.g., 'git pull ...') before pushing again.
hint: See the 'Note about fast-forwards' in 'git push --help' for details.

moger@Moise MINGW64 ~/Documents/TestDevops (main)
$ git pull --rebase origin main
remote: Enumerating objects: 25, done.
remote: Counting objects: 100% (25/25), done.
remote: Compressing objects: 100% (19/19), done.
remote: Total 25 (delta 9), reused 14 (delta 5), pack-reused 0
Unpacking objects: 100% (25/25), 355.63 KiB | 3.12 MiB/s, done.
From https://github.com/TDBankCanada/DevOps-
 * branch            main       -> FETCH_HEAD
 * [new branch]      main       -> origin/main
Successfully rebased and updated refs/heads/main.

moger@Moise MINGW64 ~/Documents/TestDevops (main)
$ git status
On branch main
nothing to commit, working tree clean

moger@Moise MINGW64 ~/Documents/TestDevops (main)
$ git push -u origin main
Enumerating objects: 4, done.
Counting objects: 100% (4/4), done.
Delta compression using up to 12 threads
Compressing objects: 100% (2/2), done.
Writing objects: 100% (3/3), 316 bytes | 316.00 KiB/s, done.
Total 3 (delta 1), reused 0 (delta 0), pack-reused 0
remote: Resolving deltas: 100% (1/1), completed with 1 local object.
v To https://github.com/TDBankCanada/DevOps-.git
   c99cdec..ec7e9a5  main -> main
branch 'main' set up to track 'origin/main'.

moger@Moise MINGW64 ~/Documents/TestDevops (main)
$ ^C

moger@Moise MINGW64 ~/Documents/TestDevops (main)
$ git branch master

moger@Moise MINGW64 ~/Documents/TestDevops (main)
$ git branch -M master

moger@Moise MINGW64 ~/Documents/TestDevops (master)
$

moger@Moise MINGW64 ~/Documents/TestDevops (master)
$ ls
 Aws.txt   SDLC.png  'Team Project.txt'   git-cheat-sheet-education.pdf   github-essentials   testdevops

moger@Moise MINGW64 ~/Documents/TestDevops (master)
$ git branch -M main

moger@Moise MINGW64 ~/Documents/TestDevops (main)
$ git remote show origin
* remote origin
  Fetch URL: https://github.com/TDBankCanada/DevOps-.git
  Push  URL: https://github.com/TDBankCanada/DevOps-.git
  HEAD branch: main
  Remote branches:
    Master      new (next fetch will store in remotes/origin)
    development new (next fetch will store in remotes/origin)
    main        tracked
    master      new (next fetch will store in remotes/origin)
    stage       new (next fetch will store in remotes/origin)
  Local branch configured for 'git pull':
    main merges with remote main
  Local ref configured for 'git push':
    main pushes to main (up to date)

moger@Moise MINGW64 ~/Documents/TestDevops (main)
$ git remote remove origin

moger@Moise MINGW64 ~/Documents/TestDevops (main)
$ git remote show origin
fatal: 'origin' does not appear to be a git repository
fatal: Could not read from remote repository.

Please make sure you have the correct access rights
and the repository exists.

moger@Moise MINGW64 ~/Documents/TestDevops (main)
$ git remote add origin https://github.com/Moisegermain/MG__TERRAFORM_REP.git

moger@Moise MINGW64 ~/Documents/TestDevops (main)
$ git remote show origin
* remote origin
  Fetch URL: https://github.com/Moisegermain/MG__TERRAFORM_REP.git
  Push  URL: https://github.com/Moisegermain/MG__TERRAFORM_REP.git
  HEAD branch: main
  Remote branch:
    main new (next fetch will store in remotes/origin)
  Local ref configured for 'git push':
    main pushes to main (local out of date)

